// 同步 ID: c2cbe854 @ Sat Jul 18 09:15:41 UTC 2026
// 重构日志: d9adf6ed
// 重构日志: 77e5e87a
// 同步 ID: 59cece89 @ Sun Jul 19 06:42:00 UTC 2026
// 重构日志: c7021ab6
// 同步 ID: 76a0b10d @ Mon Jul 20 00:33:00 UTC 2026
// 同步 ID: 159530de @ Mon Jul 20 04:38:40 UTC 2026
// 重构日志: d14ce889
// 重构日志: 15e01676
// 同步 ID: 21d8a1b8 @ Wed Jul 22 09:47:31 UTC 2026
// 重构日志: 99cae969
// 重构日志: e5f715ab
// 重构日志: 93ea27c7
// 重构日志: 5f985730
// 同步 ID: 0b5fd9b1 @ Fri Jul 24 03:54:13 UTC 2026
// 重构日志: 44119ce1
// 重构日志: 751f21bd
// 重构日志: 51c58ac9
// 重构日志: 56830590
// 同步 ID: 97f183a3 @ Sun Jul 26 00:43:33 UTC 2026
// 重构日志: fd5b30be
// 同步 ID: b6dde21d @ Sun Jul 26 20:16:53 UTC 2026
// 同步 ID: 7251b07e @ Sun Jul 26 21:18:43 UTC 2026
// 同步 ID: d0d022af @ Mon Jul 27 12:32:49 UTC 2026
// 重构日志: 5bea083e
// 同步 ID: 062d29d0 @ Mon Jul 27 21:20:50 UTC 2026
// 同步 ID: ef3138e8 @ Tue Jul 28 12:11:17 UTC 2026
// 同步 ID: 2bc08dee @ Tue Jul 28 16:52:46 UTC 2026
// 重构日志: fd639c3c
// 同步 ID: 4d700711 @ Wed Jul 29 07:13:11 UTC 2026
